# ************************************************************************
#   
#   qooxdoo - the new era of web development
#   
#   http://qooxdoo.org
#   
#   Copyright:
#     2006-2008 1&1 Internet AG, Germany, http://www.1and1.org
#   
#   License:
#     LGPL: http://www.gnu.org/licenses/lgpl.html
#     EPL: http://www.eclipse.org/org/documents/epl-v10.php
#     See the LICENSE file in the project's top-level directory for details.
#   
#   Authors:
#     * Michael Hartmeier (mlhartme)
#   
# ************************************************************************

mapper interpreter.Mapper;

grm = "script.grm";

import interpreter:
    Assign, Binary, Block, Const, Declarations, Expression, If, Input,
    Print, Reference, Script, Unary, Variable, While;
import org.qooxdoo.sushi.mork.semantics:
    BuiltIn;
import java.lang:
    Boolean, Integer, String;

Script              => Script;
Declarations        => Declarations : >\\Script  > \\Script//Reference;
Variable            => Variable;
"int"               => Expression.INT;
"bool"              => Expression.BOOL;
"string"            => Expression.STR;

# Statements
Block               => Block;
While               => While;
If                  => If;
Input               => Input;
Print               => Print;
Assign              => Assign;

# Expressions
Const               => Const;
Reference           => Reference;
Or                  => Binary;
And2                => Binary;
Equation2           => Binary;
Relation2           => Binary;
Sum2                => Binary;
Prod2               => Binary;
Unary1              => Unary;

# Operators
"+"                 => Expression.ADD;
"-"                 => Expression.SUB;
"*"                 => Expression.MUL;
"/"                 => Expression.DIV;
"%"                 => Expression.REM;
"&&"                => Expression.AND;
"||"                => Expression.OR;
"!"                 => Expression.NOT;
"=="                => Expression.EQ;
"!="                => Expression.NE;
"<"                 => Expression.LT;
">"                 => Expression.GT;
"<="                => Expression.LE;
">="                => Expression.GE;

# misc
Boolean             => Boolean;
"true"              => Boolean.TRUE;
"false"             => Boolean.FALSE;
Identifier          => String;
                    => [text]: > Identifier;
String              => BuiltIn.parseString;
                    => [text]: > String;
Integer             => Integer.parseInt;
                    => [text]: > Integer;
